// Jest Snapshot v1, https://goo.gl/fbAQLP

exports[`test rendering of the login page 1`] = `
<div
  className="box-layout"
>
  <div
    className="box-layout__box"
  >
    <h1
      className="box-layout__title"
    >
      Broilerplate
    </h1>
    <p>
      A react app
    </p>
    <button
      className="button"
    >
      Login with Google
    </button>
  </div>
</div>
`;
